ASxxxx Linker V03.00 + NoICE + sdld,  page 1.
Hexadecimal  [32-Bits]

Area                                    Addr        Size        Decimal Bytes (Attributes)
--------------------------------        ----        ----        ------- ----- ------------
CABS                                00000000    00000000 =           0. bytes (ABS,CON,CODE)

      Value  Global                              Global Defined In Module
      -----  --------------------------------   ------------------------
C:   00000000  l_BIT_BANK                      
C:   00000000  l_CABS                          
C:   00000000  l_GSINIT                        
C:   00000000  l_GSINIT1                       
C:   00000000  l_GSINIT5                       
C:   00000000  l_IABS                          
C:   00000000  l_ISEG                          
C:   00000000  l_PSEG                          
C:   00000000  l_REG_BANK_1                    
C:   00000000  l_REG_BANK_2                    
C:   00000000  l_REG_BANK_3                    
C:   00000000  l_RSEG                          
C:   00000000  l_RSEG0                         
C:   00000000  l_RSEG1                         
C:   00000000  l_XABS                          
C:   00000000  l_XINIT                         
C:   00000000  l_XISEG                         
C:   00000000  l_XSEG                          
C:   00000000  l__CODE                         
C:   00000000  s_BSEG                          
C:   00000000  s_CABS                          
C:   00000000  s_DSEG                          
C:   00000000  s_HOME                          
C:   00000000  s_IABS                          
C:   00000000  s_ISEG                          
C:   00000000  s_PSEG                          
C:   00000000  s_REG_BANK_0                    
C:   00000000  s_RSEG                          
C:   00000000  s_RSEG0                         
C:   00000000  s_RSEG1                         
C:   00000000  s_XABS                          
C:   00000000  s_XISEG                         
C:   00000000  s_XSEG                          
C:   00000001  l_BSEG_BYTES                    
C:   00000003  l_GSFINAL                       
C:   00000003  l_GSINIT0                       
C:   00000004  l_BSEG                          
C:   00000004  l_OSEG                          
C:   00000006  l_HOME                          
C:   00000006  s_GSINIT0                       
C:   00000008  l_REG_BANK_0                    
C:   00000008  s_OSEG                          
C:   00000008  s_REG_BANK_1                    
C:   00000009  s_GSINIT1                       
C:   00000009  s_GSINIT2                       
C:   0000000A  l_GSINIT2                       
C:   00000010  s_REG_BANK_2                    
C:   00000013  s_GSINIT3                       
C:   00000018  s_BIT_BANK                      
C:   00000018  s_REG_BANK_3                    
ASxxxx Linker V03.00 + NoICE + sdld,  page 2.
Hexadecimal  [32-Bits]

Area                                    Addr        Size        Decimal Bytes (Attributes)
--------------------------------        ----        ----        ------- ----- ------------
CABS                                00000000    00000000 =           0. bytes (ABS,CON,CODE)

      Value  Global                              Global Defined In Module
      -----  --------------------------------   ------------------------
C:   00000020  s_BSEG_BYTES                    
C:   00000020  s__CODE                         
C:   00000022  l_GSINIT3                       
C:   0000002A  l_GSINIT4                       
C:   00000035  s_GSINIT4                       
C:   00000051  s_SSEG                          
C:   0000005F  s_GSFINAL                       
C:   0000005F  s_GSINIT                        
C:   0000005F  s_GSINIT5                       
C:   00000062  s_CSEG                          
C:   0000006C  l_DSEG                          
C:   000000AF  l_SSEG                          
C:   00000100  l_IRAM                          
C:   000005BB  l_CONST                         
C:   00000E12  l_CSEG                          
C:   00000E74  s_CONST                         
C:   0000142F  s_XINIT                         

ASxxxx Linker V03.00 + NoICE + sdld,  page 3.
Hexadecimal  [32-Bits]

Area                                    Addr        Size        Decimal Bytes (Attributes)
--------------------------------        ----        ----        ------- ----- ------------
.  .ABS.                            00000000    00000000 =           0. bytes (ABS,CON)

      Value  Global                              Global Defined In Module
      -----  --------------------------------   ------------------------
     00000000  .__.ABS.                           _startup
     00000080  _P0                                main
     00000080  _P0_0                              main
     00000081  _P0_1                              main
     00000081  _SP                                main
     00000082  _DPL                               main
     00000082  _P0_2                              main
     00000083  _DPH                               main
     00000083  _P0_3                              main
     00000084  _P0_4                              main
     00000085  _P0_5                              main
     00000085  _WDTD                              main
     00000086  _P0_6                              main
     00000086  _SPDAT                             main
     00000086  _SPDR                              main
     00000087  _P0_7                              main
     00000087  _PCON                              main
     00000088  _IT0                               main
     00000088  _TCON                              main
     00000089  _IE0                               main
     00000089  _TMOD                              main
     0000008A  _IT1                               main
     0000008A  _TL0                               main
     0000008B  _IE1                               main
     0000008B  _TL1                               main
     0000008C  _TH0                               main
     0000008C  _TR0                               main
     0000008D  _TF0                               main
     0000008D  _TH1                               main
     0000008E  _AUXR                              main
     0000008E  _TR1                               main
     0000008F  _TF1                               main
     00000090  _P1                                main
     00000090  _P1_0                              main
     00000090  _SDA                               main
     00000091  _P1_1                              main
     00000091  _SCK                               main
     00000092  _P1_2                              main
     00000093  _P1_3                              main
     00000094  _P1_4                              main
     00000095  _P1_5                              main
     00000096  _P1_6                              main
     00000097  _P1_7                              main
     00000098  _RI                                main
     00000098  _SCON                              main
     00000099  _SBUF                              main
     00000099  _TI                                main
     0000009A  _RB8                               main
     0000009B  _TB8                               main
     0000009C  _REN                               main
ASxxxx Linker V03.00 + NoICE + sdld,  page 4.
Hexadecimal  [32-Bits]

Area                                    Addr        Size        Decimal Bytes (Attributes)
--------------------------------        ----        ----        ------- ----- ------------
.  .ABS.                            00000000    00000000 =           0. bytes (ABS,CON)

      Value  Global                              Global Defined In Module
      -----  --------------------------------   ------------------------
     0000009D  _SM2                               main
     0000009E  _SM1                               main
     0000009F  _SM0                               main
     000000A0  _P2                                main
     000000A0  _P2_0                              main
     000000A0  __XPAGE                            
     000000A1  _P2_1                              main
     000000A2  _AUXR1                             main
     000000A2  _P2_2                              main
     000000A3  _P2_3                              main
     000000A4  _P2_4                              main
     000000A5  _P2_5                              main
     000000A6  _P2_6                              main
     000000A7  _P2_7                              main
     000000A8  _EX0                               main
     000000A8  _IE                                main
     000000A8  _IEN0                              main
     000000A9  _ET0                               main
     000000A9  _SADDR                             main
     000000AA  _EX1                               main
     000000AA  _SPCFG                             main
     000000AA  _SPSR                              main
     000000AB  _ET1                               main
     000000AC  _ES                                main
     000000AD  _ET2                               main
     000000AE  _EC                                main
     000000AF  _EA                                main
     000000B0  _P3                                main
     000000B0  _P3_0                              main
     000000B0  _RXD                               main
     000000B1  _FCF                               main
     000000B1  _P3_1                              main
     000000B1  _TXD                               main
     000000B2  _INT0                              main
     000000B2  _P3_2                              main
     000000B3  _INT1                              main
     000000B3  _P3_3                              main
     000000B4  _P3_4                              main
     000000B4  _T0                                main
     000000B5  _P3_5                              main
     000000B5  _T1                                main
     000000B6  _FST                               main
     000000B6  _P3_6                              main
     000000B6  _WR                                main
     000000B7  _IP0H                              main
     000000B7  _P3_7                              main
     000000B7  _RD                                main
     000000B8  _IP                                main
     000000B8  _IP0                               main
     000000B8  _PX0                               main
     000000B9  _PT0                               main
ASxxxx Linker V03.00 + NoICE + sdld,  page 5.
Hexadecimal  [32-Bits]

Area                                    Addr        Size        Decimal Bytes (Attributes)
--------------------------------        ----        ----        ------- ----- ------------
.  .ABS.                            00000000    00000000 =           0. bytes (ABS,CON)

      Value  Global                              Global Defined In Module
      -----  --------------------------------   ------------------------
     000000B9  _SADEN                             main
     000000BA  _PX1                               main
     000000BB  _PT1                               main
     000000BC  _PS                                main
     000000BD  _PT2                               main
     000000BE  _PPC                               main
     000000C0  _SWDT                              main
     000000C0  _WDTC                              main
     000000C1  _WDT                               main
     000000C2  _WDTS                              main
     000000C3  _WDRE                              main
     000000C4  _WDOUT                             main
     000000C8  _CP_RL2                            main
     000000C8  _T2CON                             main
     000000C8  _T2CON_0                           main
     000000C9  _C_T2                              main
     000000C9  _T2CON_1                           main
     000000C9  _T2MOD                             main
     000000CA  _RCAP2L                            main
     000000CA  _T2CON_2                           main
     000000CA  _TR2                               main
     000000CB  _EXEN2                             main
     000000CB  _RCAP2H                            main
     000000CB  _T2CON_3                           main
     000000CC  _T2CON_4                           main
     000000CC  _TCLK                              main
     000000CC  _TL2                               main
     000000CD  _RCLK                              main
     000000CD  _T2CON_5                           main
     000000CD  _TH2                               main
     000000CE  _EXF2                              main
     000000CE  _T2CON_6                           main
     000000CF  _T2CON_7                           main
     000000CF  _TF2                               main
     000000D0  _P                                 main
     000000D0  _PSW                               main
     000000D1  _F1                                main
     000000D2  _OV                                main
     000000D3  _RS0                               main
     000000D4  _RS1                               main
     000000D5  _F0                                main
     000000D5  _SPCR                              main
     000000D5  _SPCTL                             main
     000000D6  _AC                                main
     000000D7  _CY                                main
     000000D8  _CCF0                              main
     000000D8  _CCON                              main
     000000D9  _CCF1                              main
     000000D9  _CMOD                              main
     000000DA  _CCAPM0                            main
     000000DA  _CCF2                              main
ASxxxx Linker V03.00 + NoICE + sdld,  page 6.
Hexadecimal  [32-Bits]

Area                                    Addr        Size        Decimal Bytes (Attributes)
--------------------------------        ----        ----        ------- ----- ------------
.  .ABS.                            00000000    00000000 =           0. bytes (ABS,CON)

      Value  Global                              Global Defined In Module
      -----  --------------------------------   ------------------------
     000000DB  _CCAPM1                            main
     000000DB  _CCF3                              main
     000000DC  _CCAPM2                            main
     000000DC  _CCF4                              main
     000000DD  _CCAPM3                            main
     000000DE  _CCAPM4                            main
     000000DE  _CR                                main
     000000DF  _CF                                main
     000000E0  _ACC                               main
     000000E8  _IEN1                              main
     000000E9  _CL                                main
     000000EA  _CCAP0L                            main
     000000EB  _CCAP1L                            main
     000000EB  _EBO                               main
     000000EC  _CCAP2L                            main
     000000ED  _CCAP3L                            main
     000000EE  _CCAP4L                            main
     000000F0  _B                                 main
     000000F5  _B_5                               _gptrget
     000000F6  _B_6                               _gptrget
     000000F7  _B_7                               _gptrget
     000000F7  _IP1H                              main
     000000F8  _IP1                               main
     000000F9  _CH                                main
     000000FA  _CCAP0H                            main
     000000FB  _CCAP1H                            main
     000000FB  _PBO                               main
     000000FC  _CCAP2H                            main
     000000FD  _CCAP3H                            main
     000000FE  _CCAP4H                            main

ASxxxx Linker V03.00 + NoICE + sdld,  page 7.
Hexadecimal  [32-Bits]

Area                                    Addr        Size        Decimal Bytes (Attributes)
--------------------------------        ----        ----        ------- ----- ------------
BSEG_BYTES                          00000020    00000001 =           1. bytes (REL,CON)

      Value  Global                              Global Defined In Module
      -----  --------------------------------   ------------------------
ASxxxx Linker V03.00 + NoICE + sdld,  page 8.
Hexadecimal  [32-Bits]

Area                                    Addr        Size        Decimal Bytes (Attributes)
--------------------------------        ----        ----        ------- ----- ------------
REG_BANK_0                          00000000    00000008 =           8. bytes (REL,OVR)

      Value  Global                              Global Defined In Module
      -----  --------------------------------   ------------------------
ASxxxx Linker V03.00 + NoICE + sdld,  page 9.
Hexadecimal  [32-Bits]

Area                                    Addr        Size        Decimal Bytes (Attributes)
--------------------------------        ----        ----        ------- ----- ------------
DSEG                                00000000    0000006C =         108. bytes (REL,CON)

      Value  Global                              Global Defined In Module
      -----  --------------------------------   ------------------------
     00000021  _commandGLCD_PARM_2                main
     00000031  _setGLCDCursor_PARM_2              main
     00000033  _pRTCArray                         main
     00000037  _Temp                              main
     00000038  _Write_Byte_To_DS1307_RTC_PARM_2   main
     00000039  _Write_Bytes_To_DS1307_RTC_PARM_   main
     0000003C  _Write_Bytes_To_DS1307_RTC_PARM_   main
     0000003D  _Read_Bytes_From_DS1307_RTC_PARM   main
     00000040  _Read_Bytes_From_DS1307_RTC_PARM   main
     00000044  _Set_DS1307_RTC_Time_PARM_2        main
     00000045  _Set_DS1307_RTC_Time_PARM_3        main
     00000046  _Set_DS1307_RTC_Time_PARM_4        main
     00000047  _Set_DS1307_RTC_Date_PARM_2        main
     00000048  _Set_DS1307_RTC_Date_PARM_3        main
     00000049  _Set_DS1307_RTC_Date_PARM_4        main
     0000004A  _ch_CharCatch                      main
     0000004D  _i                                 main
     0000004F  _nVar                              main
ASxxxx Linker V03.00 + NoICE + sdld,  page 10.
Hexadecimal  [32-Bits]

Area                                    Addr        Size        Decimal Bytes (Attributes)
--------------------------------        ----        ----        ------- ----- ------------
OSEG                                00000008    00000004 =           4. bytes (REL,OVR)

      Value  Global                              Global Defined In Module
      -----  --------------------------------   ------------------------
     00000008  __divsint_PARM_2                   _divuint
     00000008  __divslong_PARM_2                  _divulong
     00000008  __divuint_PARM_2                   _divuint
     00000008  __divulong_PARM_2                  _divulong
     00000008  __gptrput_PARM_2                   _gptrput
     00000008  __modslong_PARM_2                  _modulong
     00000008  __modulong_PARM_2                  _modulong

ASxxxx Linker V03.00 + NoICE + sdld,  page 11.
Hexadecimal  [32-Bits]

Area                                    Addr        Size        Decimal Bytes (Attributes)
--------------------------------        ----        ----        ------- ----- ------------
SSEG                                00000051    000000AF =         175. bytes (REL,OVR)

      Value  Global                              Global Defined In Module
      -----  --------------------------------   ------------------------
     00000051  __start__stack                     main

ASxxxx Linker V03.00 + NoICE + sdld,  page 12.
Hexadecimal  [32-Bits]

Area                                    Addr        Size        Decimal Bytes (Attributes)
--------------------------------        ----        ----        ------- ----- ------------
HOME                                00000000    00000006 =           6. bytes (REL,CON,CODE)

      Value  Global                              Global Defined In Module
      -----  --------------------------------   ------------------------
C:   00000003  __sdcc_program_startup             main

ASxxxx Linker V03.00 + NoICE + sdld,  page 13.
Hexadecimal  [32-Bits]

Area                                    Addr        Size        Decimal Bytes (Attributes)
--------------------------------        ----        ----        ------- ----- ------------
GSINIT0                             00000006    00000003 =           3. bytes (REL,CON,CODE)

      Value  Global                              Global Defined In Module
      -----  --------------------------------   ------------------------
C:   00000006  __sdcc_gsinit_startup              

ASxxxx Linker V03.00 + NoICE + sdld,  page 14.
Hexadecimal  [32-Bits]

Area                                    Addr        Size        Decimal Bytes (Attributes)
--------------------------------        ----        ----        ------- ----- ------------
GSINIT2                             00000009    0000000A =          10. bytes (REL,CON,CODE)

      Value  Global                              Global Defined In Module
      -----  --------------------------------   ------------------------
ASxxxx Linker V03.00 + NoICE + sdld,  page 15.
Hexadecimal  [32-Bits]

Area                                    Addr        Size        Decimal Bytes (Attributes)
--------------------------------        ----        ----        ------- ----- ------------
GSINIT3                             00000013    00000022 =          34. bytes (REL,CON,CODE)

      Value  Global                              Global Defined In Module
      -----  --------------------------------   ------------------------
C:   00000013  __mcs51_genXINIT                   

ASxxxx Linker V03.00 + NoICE + sdld,  page 16.
Hexadecimal  [32-Bits]

Area                                    Addr        Size        Decimal Bytes (Attributes)
--------------------------------        ----        ----        ------- ----- ------------
GSINIT4                             00000035    0000002A =          42. bytes (REL,CON,CODE)

      Value  Global                              Global Defined In Module
      -----  --------------------------------   ------------------------
C:   00000035  __mcs51_genRAMCLEAR                
C:   0000003B  __mcs51_genXRAMCLEAR               

ASxxxx Linker V03.00 + NoICE + sdld,  page 17.
Hexadecimal  [32-Bits]

Area                                    Addr        Size        Decimal Bytes (Attributes)
--------------------------------        ----        ----        ------- ----- ------------
GSFINAL                             0000005F    00000003 =           3. bytes (REL,CON,CODE)

      Value  Global                              Global Defined In Module
      -----  --------------------------------   ------------------------
ASxxxx Linker V03.00 + NoICE + sdld,  page 18.
Hexadecimal  [32-Bits]

Area                                    Addr        Size        Decimal Bytes (Attributes)
--------------------------------        ----        ----        ------- ----- ------------
CSEG                                00000062    00000E12 =        3602. bytes (REL,CON,CODE)

      Value  Global                              Global Defined In Module
      -----  --------------------------------   ------------------------
C:   00000062  _InitGLCDEnvironment               main
C:   00000093  _commandGLCD                       main
C:   000000A6  _DisplayGLCD                       main
C:   000000AB  _writeGLCD                         main
C:   000000B6  _chipSelectGLCD                    main
C:   000000E4  _clearGLCD                         main
C:   00000141  _writeLine                         main
C:   0000016C  _printDigit                        main
C:   0000019E  _writeLetter                       main
C:   00000289  _printNumber                       main
C:   0000034F  _setGLCDCursor                     main
C:   000003CC  _splashImage                       main
C:   0000045E  _beginScreen                       main
C:   00000468  _delayms                           main
C:   00000485  ___delay_us                        main
C:   000004A5  _InitI2C                           main
C:   000004AA  _I2C_Start                         main
C:   000004BC  _I2C_ReStart                       main
C:   000004DC  _I2C_Stop                          main
C:   000004FC  _I2C_Send_ACK                      main
C:   00000514  _I2C_Send_NACK                     main
C:   0000052C  _I2C_Write_Byte                    main
C:   0000058E  _I2C_Read_Byte                     main
C:   000005DA  _delay                             main
C:   000005F1  _Write_Byte_To_DS1307_RTC          main
C:   00000623  _Read_Byte_From_DS1307_RTC         main
C:   00000674  _Write_Bytes_To_DS1307_RTC         main
C:   000006D6  _Read_Bytes_From_DS1307_RTC        main
C:   00000797  _Set_DS1307_RTC_Time               main
C:   00000803  _Get_DS1307_RTC_Time               main
C:   00000887  _Set_DS1307_RTC_Date               main
C:   000008ED  _Get_DS1307_RTC_Date               main
C:   00000942  _main                              main
C:   00000C54  _getCharLen                        main
C:   00000C87  __modulong                         _modulong
C:   00000D0A  __divuint                          _divuint
C:   00000D33  __divulong                         _divulong
C:   00000D98  __gptrput                          _gptrput
C:   00000DB3  __modslong                         _modslong
C:   00000E02  __divslong                         _divslong
C:   00000E54  __gptrget                          _gptrget
C:   00000E70  __sdcc_external_startup            _startup
ASxxxx Linker V03.00 + NoICE + sdld,  page 19.
Hexadecimal  [32-Bits]

Area                                    Addr        Size        Decimal Bytes (Attributes)
--------------------------------        ----        ----        ------- ----- ------------
CONST                               00000E74    000005BB =        1467. bytes (REL,CON,CODE)

      Value  Global                              Global Defined In Module
      -----  --------------------------------   ------------------------
C:   00000E74  _glcdNumberSystemFont              main
C:   00000E9C  _glcdCharSystemFont                main
C:   00000F52  _glcdSmallCharSystemFont           main
C:   0000100F  _welcomeScreenImage                main

ASxxxx Linker V03.00 + NoICE + sdld,  page 20.

Files Linked                              [ module(s) ]

out/main.rel                              [  ]


Libraries Linked                          [ object file ]

/usr/local/sdcc-3.3.0/bin/../share/sdcc/lib/small/liblong.lib
                                          [ _modulong.rel ]
/usr/local/sdcc-3.3.0/bin/../share/sdcc/lib/small/libint.lib
                                          [ _divuint.rel ]
/usr/local/sdcc-3.3.0/bin/../share/sdcc/lib/small/liblong.lib
                                          [ _divulong.rel ]
/usr/local/sdcc-3.3.0/bin/../share/sdcc/lib/small/mcs51.lib
                                          [ crtclear.rel ]
/usr/local/sdcc-3.3.0/bin/../share/sdcc/lib/small/mcs51.lib
                                          [ crtxinit.rel ]
/usr/local/sdcc-3.3.0/bin/../share/sdcc/lib/small/libsdcc.lib
                                          [ _gptrput.rel ]
/usr/local/sdcc-3.3.0/bin/../share/sdcc/lib/small/mcs51.lib
                                          [ crtxclear.rel ]
/usr/local/sdcc-3.3.0/bin/../share/sdcc/lib/small/liblong.lib
                                          [ _modslong.rel ]
/usr/local/sdcc-3.3.0/bin/../share/sdcc/lib/small/liblong.lib
                                          [ _divslong.rel ]
/usr/local/sdcc-3.3.0/bin/../share/sdcc/lib/small/mcs51.lib
                                          [ crtpagesfr.rel ]
/usr/local/sdcc-3.3.0/bin/../share/sdcc/lib/small/mcs51.lib
                                          [ crtstart.rel ]
/usr/local/sdcc-3.3.0/bin/../share/sdcc/lib/small/libsdcc.lib
                                          [ _gptrget.rel ]
/usr/local/sdcc-3.3.0/bin/../share/sdcc/lib/small/libsdcc.lib
                                          [ _startup.rel ]

ASxxxx Linker V03.00 + NoICE + sdld,  page 21.

User Base Address Definitions

HOME = 0x0000
ISEG = 0x0000
BSEG = 0x0000

